5.1.1970, Monday, week 2
 - foo

12.1.1970, Monday, week 3
 - foo

every Monday: foo
