12.1.1970, Monday, week 3
 - foo
 + let there be time
