1.1.1970, Thursday, week 1
 - λä.ä

2.1.1970, Friday, week 1
 - λä.ä

3.1.1970, Saturday, week 1
 - λä.ä
