3.1.1970, Saturday, week 1
 - event

every year on 3.1.: event
